
============================================================
  0. Server Health Check
============================================================
  [PASS] Server is up -- after 1 attempt(s)

============================================================
  1. Auth -- /api/auth
============================================================
  [FAIL] Register empty body -> 400 -- expected 400, got 500 | Microsoft.EntityFrameworkCore.DbUpdateException: An error occurred while saving the entity changes. See the inner exception for details.

 ---> Npgsql.PostgresException (0x80004005): 42703: column "Fu
  [FAIL] Register new user -> 200 -- expected 200, got 500 | Microsoft.EntityFrameworkCore.DbUpdateException: An error occurred while saving the entity changes. See the inner exception for details.

 ---> Npgsql.PostgresException (0x80004005): 42703: column "Fu
  UserId: None
  Token : None...
  [FAIL] Register duplicate email -> 400 -- expected 400, got 500 | Microsoft.EntityFrameworkCore.DbUpdateException: An error occurred while saving the entity changes. See the inner exception for details.

 ---> Npgsql.PostgresException (0x80004005): 42703: column "Fu
  [FAIL] Login correct creds -> 200 -- expected 200, got 500 | Npgsql.PostgresException (0x80004005): 42703: column u.FullName does not exist



POSITION: 42

   at Npgsql.Internal.NpgsqlConnector.ReadMessageLong(Boolean async, DataRowLoadingMode dataRowLoadingMo
  [FAIL] Login wrong password -> 400 -- expected 400, got 500 | Npgsql.PostgresException (0x80004005): 42703: column u.FullName does not exist



POSITION: 42

   at Npgsql.Internal.NpgsqlConnector.ReadMessageLong(Boolean async, DataRowLoadingMode dataRowLoadingMo

============================================================
  2. Resume -- /api/resume
============================================================
  [PASS] GET /api/resume no auth -> 401 -- HTTP 401
  [PASS] POST /api/resume/upload no auth -> 401 -- HTTP 401
  [FAIL] POST /api/resume/upload bad ext -> 400 -- expected 400, got 401 | 
  [FAIL] POST /api/resume/upload valid PDF -> 200 -- expected 200, got 401 | 
  [FAIL] GET /api/resume auth -> 200 list -- expected 200, got 401 | 

============================================================
  3. Jobs -- /api/jobs
============================================================
  [PASS] GET /api/jobs -> 200 list -- HTTP 200
  [FAIL] POST /api/jobs/match invalid resumeId -> 404 -- expected 404, got 500 | Npgsql.PostgresException (0x80004005): 42703: column r.FileType does not exist



POSITION: 30

   at Npgsql.Internal.NpgsqlConnector.ReadMessageLong(Boolean async, DataRowLoadingMode dataRowLoadingMo

============================================================
  4. Skill Gap -- /api/skill-gap
============================================================
  [FAIL] GET /api/skill-gap invalid resumeId -> 404 -- expected 404, got 500 | Npgsql.PostgresException (0x80004005): 42703: column r.FileType does not exist



POSITION: 30

   at Npgsql.Internal.NpgsqlConnector.ReadMessageLong(Boolean async, DataRowLoadingMode dataRowLoadingMo

============================================================
  5. Resources -- /api/resources
============================================================
  [PASS] GET /api/resources/supported-skills -> 200 -- HTTP 200
  [PASS] GET /api/resources/Python -> 200 -- HTTP 200
  [PASS] GET /api/resources/React -> 200 -- HTTP 200
  [PASS] GET /api/resources/PostgreSQL -> 200 -- HTTP 200
  [PASS] GET /api/resources/Docker -> 200 -- HTTP 200

============================================================
  RESULTS: 9 passed  10 failed  (19 total)
============================================================

